# verify T-011-3
when: 2026-09-26T01:54:37Z
root: /home/deepjyoti/Documents/Assigment/Higgsfield/.worktrees/T-011-3
head: 6416e9c2834c18f08ed8eb9372262d1bd91e9326
fingerprint: cabe31cb5d0af4257e27a45ed54b6899b228dd18

## command
apps/api/.venv/bin/python -m py_compile apps/gpu/face_swap.py apps/gpu/face_swap_core.py && (apps/api/.venv/bin/python -m pytest apps/gpu/tests/test_face_swap_core.py -q || uv run --with numpy --with pytest pytest apps/gpu/tests/test_face_swap_core.py -q)

## output (exit 0)

==================================== ERRORS ====================================
____________ ERROR collecting apps/gpu/tests/test_face_swap_core.py ____________
ImportError while importing test module '/home/deepjyoti/Documents/Assigment/Higgsfield/.worktrees/T-011-3/apps/gpu/tests/test_face_swap_core.py'.
Hint: make sure your test modules/packages have valid Python names.
Traceback:
../../../../../.local/share/uv/python/cpython-3.12.12-linux-x86_64-gnu/lib/python3.12/importlib/__init__.py:90: in import_module
    return _bootstrap._gcd_import(name[level:], package, level)
           ^^^^^^^^^^^^^^^^^^^^^^^^^^^^^^^^^^^^^^^^^^^^^^^^^^^^
apps/gpu/tests/test_face_swap_core.py:6: in <module>
    import numpy as np
E   ModuleNotFoundError: No module named 'numpy'
=========================== short test summary info ============================
ERROR apps/gpu/tests/test_face_swap_core.py
!!!!!!!!!!!!!!!!!!!! Interrupted: 1 error during collection !!!!!!!!!!!!!!!!!!!!
1 error in 0.07s
.............                                                            [100%]
13 passed in 0.06s

## check-standards (exit 0)
check-standards: ok (0 violations)

RESULT: PASS
