# verify T-010-5
when: 2026-09-26T00:14:56Z
root: /home/deepjyoti/Documents/Assigment/Higgsfield/.worktrees/T-010-5
head: 9f6379b38fe73e112b621a150b75ec0ba0de388c
fingerprint: d35e05548311b565e85e162423909e7d0fd3789a

## command
npm --prefix apps/web run lint && npm --prefix apps/web run test && npm --prefix apps/web run typecheck && npm --prefix apps/web run build && ! grep -riE "higgsfield|anton|ccff00" apps/web/index.html apps/web/src/ui apps/web/src/styles.css

## output (exit 0)

> web@0.0.0 lint
> eslint .


> web@0.0.0 test
> vitest run


 RUN  v5.0.0 /home/deepjyoti/Documents/Assigment/Higgsfield/.worktrees/T-010-5/apps/web


 Test Files  19 passed (19)
      Tests  87 passed (87)
   Start at  05:44:51
   Duration  519ms (transform 56%, import 29%, tests 9%, worker 6%)


> web@0.0.0 typecheck
> tsc -b


> web@0.0.0 build
> tsc -b && vite build

vite v8.3.0 building client environment for production...
transforming...
✓ 125 modules transformed.
rendering chunks...
computing gzip size...
dist/index.html                   1.14 kB │ gzip:   0.56 kB
dist/assets/index-Cyx7_Pt_.css   32.05 kB │ gzip:   6.94 kB
dist/assets/index-ubA2y5BJ.js   351.82 kB │ gzip: 108.22 kB

✓ built in 281ms

## check-standards (exit 0)
check-standards: ok (0 violations)

RESULT: PASS
