# verify T-011-6
when: 2026-09-26T01:56:43Z
root: /home/deepjyoti/Documents/Assigment/Higgsfield/.worktrees/T-011-6
head: 0127889ae1f9a58eec59f3929aa0b3aca137f4d8
fingerprint: 6a5e1d1aae4b1597a5d94f8026ae9666f8124bce

## command
docker compose up -d --wait db minio && uv --directory apps/api run alembic upgrade head && uv --directory apps/api run alembic downgrade 0008 && uv --directory apps/api run alembic upgrade head && uv --directory apps/api run ruff check . && uv --directory apps/api run mypy && uv --directory apps/api run pytest -q && scripts/export-openapi && npm --prefix apps/web run gen:api && npm --prefix apps/web run typecheck

## output (exit 0)
All checks passed!
Success: no issues found in 60 source files
........................................................................ [ 25%]
........................................................................ [ 51%]
........................................................................ [ 76%]
..................................................................       [100%]
=============================== warnings summary ===============================
tests/test_uploads_api.py::test_complete_with_a_declared_size_mismatch_deletes_the_object
tests/test_uploads_api.py::test_complete_with_an_oversized_object_is_rejected
  /home/deepjyoti/Documents/Assigment/Higgsfield/apps/api/.venv/lib/python3.12/site-packages/fastapi/routing.py:352: StarletteDeprecationWarning: 'HTTP_422_UNPROCESSABLE_ENTITY' is deprecated. Use 'HTTP_422_UNPROCESSABLE_CONTENT' instead.
    return await dependant.call(**values)

-- Docs: https://docs.pytest.org/en/stable/how-to/capture-warnings.html
282 passed, 2 warnings in 72.92s (0:01:12)
wrote packages/contracts/openapi.json

> web@0.0.0 gen:api
> openapi-typescript ../../packages/contracts/openapi.json -o src/api/generated/schema.d.ts

✨ openapi-typescript 7.13.0
🚀 ../../packages/contracts/openapi.json → src/api/generated/schema.d.ts [92.3ms]

> web@0.0.0 typecheck
> tsc -b

 Container higgsfield-minio-1 Running 
 Container higgsfield-db-1 Running 
 Container higgsfield-db-1 Waiting 
 Container higgsfield-minio-1 Waiting 
 Container higgsfield-db-1 Healthy 
 Container higgsfield-minio-1 Healthy 
/home/deepjyoti/Documents/Assigment/Higgsfield/apps/api/.venv/lib/python3.12/site-packages/_pytest/unraisableexception.py:67: PytestUnraisableExceptionWarning: Exception ignored in: <function BaseSubprocessTransport.__del__ at 0x7f5e4c861580>

Traceback (most recent call last):
  File "/home/deepjyoti/.local/share/uv/python/cpython-3.12.12-linux-x86_64-gnu/lib/python3.12/asyncio/base_subprocess.py", line 126, in __del__
    self.close()
  File "/home/deepjyoti/.local/share/uv/python/cpython-3.12.12-linux-x86_64-gnu/lib/python3.12/asyncio/base_subprocess.py", line 104, in close
    proto.pipe.close()
  File "/home/deepjyoti/.local/share/uv/python/cpython-3.12.12-linux-x86_64-gnu/lib/python3.12/asyncio/unix_events.py", line 568, in close
    self._close(None)
  File "/home/deepjyoti/.local/share/uv/python/cpython-3.12.12-linux-x86_64-gnu/lib/python3.12/asyncio/unix_events.py", line 592, in _close
    self._loop.call_soon(self._call_connection_lost, exc)
  File "/home/deepjyoti/.local/share/uv/python/cpython-3.12.12-linux-x86_64-gnu/lib/python3.12/asyncio/base_events.py", line 799, in call_soon
    self._check_closed()
  File "/home/deepjyoti/.local/share/uv/python/cpython-3.12.12-linux-x86_64-gnu/lib/python3.12/asyncio/base_events.py", line 545, in _check_closed
    raise RuntimeError('Event loop is closed')
RuntimeError: Event loop is closed

Enable tracemalloc to get traceback where the object was allocated.
See https://docs.pytest.org/en/stable/how-to/capture-warnings.html#resource-warnings for more info.
  warnings.warn(pytest.PytestUnraisableExceptionWarning(msg))

## check-standards (exit 0)
check-standards: ok (0 violations)

RESULT: PASS
