# verify T-010-2
when: 2026-09-26T00:17:35Z
root: /home/deepjyoti/Documents/Assigment/Higgsfield/.worktrees/T-010-2
head: b4506a36556d7026c9ac18bb74b04a561fd381fc
fingerprint: 559010aa5678f6a9184af428266707f720fd73dc

## command
docker compose up -d --wait db && uv --directory apps/api run alembic upgrade head && uv --directory apps/api run alembic downgrade 0006 && uv --directory apps/api run alembic upgrade head && uv --directory apps/api run ruff check . && uv --directory apps/api run mypy && uv --directory apps/api run pytest -q

## output (exit 0)
All checks passed!
Success: no issues found in 54 source files
........................................................................ [ 27%]
........................................................................ [ 55%]
........................................................................ [ 82%]
.............................................                            [100%]
=============================== warnings summary ===============================
tests/test_uploads_api.py::test_upload_without_cookie_is_unauthorized
  /home/deepjyoti/Documents/Assigment/Higgsfield/apps/api/.venv/lib/python3.12/site-packages/_pytest/unraisableexception.py:67: PytestUnraisableExceptionWarning: Exception ignored in: <function BaseSubprocessTransport.__del__ at 0x7f8c2bedd580>
  
  Traceback (most recent call last):
    File "/home/deepjyoti/.local/share/uv/python/cpython-3.12.12-linux-x86_64-gnu/lib/python3.12/asyncio/base_subprocess.py", line 126, in __del__
      self.close()
    File "/home/deepjyoti/.local/share/uv/python/cpython-3.12.12-linux-x86_64-gnu/lib/python3.12/asyncio/base_subprocess.py", line 104, in close
      proto.pipe.close()
    File "/home/deepjyoti/.local/share/uv/python/cpython-3.12.12-linux-x86_64-gnu/lib/python3.12/asyncio/unix_events.py", line 568, in close
      self._close(None)
    File "/home/deepjyoti/.local/share/uv/python/cpython-3.12.12-linux-x86_64-gnu/lib/python3.12/asyncio/unix_events.py", line 592, in _close
      self._loop.call_soon(self._call_connection_lost, exc)
    File "/home/deepjyoti/.local/share/uv/python/cpython-3.12.12-linux-x86_64-gnu/lib/python3.12/asyncio/base_events.py", line 799, in call_soon
      self._check_closed()
    File "/home/deepjyoti/.local/share/uv/python/cpython-3.12.12-linux-x86_64-gnu/lib/python3.12/asyncio/base_events.py", line 545, in _check_closed
      raise RuntimeError('Event loop is closed')
  RuntimeError: Event loop is closed
  
  Enable tracemalloc to get traceback where the object was allocated.
  See https://docs.pytest.org/en/stable/how-to/capture-warnings.html#resource-warnings for more info.
    warnings.warn(pytest.PytestUnraisableExceptionWarning(msg))

tests/test_uploads_api.py::test_complete_with_a_declared_size_mismatch_deletes_the_object
tests/test_uploads_api.py::test_complete_with_an_oversized_object_is_rejected
  /home/deepjyoti/Documents/Assigment/Higgsfield/apps/api/.venv/lib/python3.12/site-packages/fastapi/routing.py:352: StarletteDeprecationWarning: 'HTTP_422_UNPROCESSABLE_ENTITY' is deprecated. Use 'HTTP_422_UNPROCESSABLE_CONTENT' instead.
    return await dependant.call(**values)

-- Docs: https://docs.pytest.org/en/stable/how-to/capture-warnings.html
261 passed, 3 warnings in 72.70s (0:01:12)
 Container higgsfield-db-1 Running 
 Container higgsfield-db-1 Waiting 
 Container higgsfield-db-1 Healthy

## check-standards (exit 0)
check-standards: ok (0 violations)

RESULT: PASS
