# verify T-010-1
when: 2026-09-26T00:16:14Z
root: /home/deepjyoti/Documents/Assigment/Higgsfield/.worktrees/T-010-1
head: 705a6f832160886430abf04f8a5d50027c7d1c20
fingerprint: 429b0e0f6cbd71516df02b4028e610853e6650c9

## command
docker compose up -d --wait db && uv --directory apps/api run alembic upgrade head && uv --directory apps/api run ruff check . && uv --directory apps/api run mypy && uv --directory apps/api run pytest -q && scripts/export-openapi && python3 -c "import json;p=json.load(open('packages/contracts/openapi.json'))['paths'];assert {'/api/v1/sequence-jobs','/api/v1/sequence-jobs/{job_id}','/api/v1/credits/ledger'} <= set(p);print('contract ok')" && npm --prefix apps/web run gen:api && npm --prefix apps/web run typecheck

## output (exit 0)
All checks passed!
Success: no issues found in 54 source files
........................................................................ [ 27%]
........................................................................ [ 55%]
........................................................................ [ 82%]
.............................................                            [100%]
=============================== warnings summary ===============================
tests/test_uploads_api.py::test_upload_without_cookie_is_unauthorized
  /home/deepjyoti/Documents/Assigment/Higgsfield/apps/api/.venv/lib/python3.12/site-packages/_pytest/unraisableexception.py:67: PytestUnraisableExceptionWarning: Exception ignored in: <function BaseSubprocessTransport.__del__ at 0x7f15616d9580>
  
  Traceback (most recent call last):
    File "/home/deepjyoti/.local/share/uv/python/cpython-3.12.12-linux-x86_64-gnu/lib/python3.12/asyncio/base_subprocess.py", line 126, in __del__
      self.close()
    File "/home/deepjyoti/.local/share/uv/python/cpython-3.12.12-linux-x86_64-gnu/lib/python3.12/asyncio/base_subprocess.py", line 104, in close
      proto.pipe.close()
    File "/home/deepjyoti/.local/share/uv/python/cpython-3.12.12-linux-x86_64-gnu/lib/python3.12/asyncio/unix_events.py", line 568, in close
      self._close(None)
    File "/home/deepjyoti/.local/share/uv/python/cpython-3.12.12-linux-x86_64-gnu/lib/python3.12/asyncio/unix_events.py", line 592, in _close
      self._loop.call_soon(self._call_connection_lost, exc)
    File "/home/deepjyoti/.local/share/uv/python/cpython-3.12.12-linux-x86_64-gnu/lib/python3.12/asyncio/base_events.py", line 799, in call_soon
      self._check_closed()
    File "/home/deepjyoti/.local/share/uv/python/cpython-3.12.12-linux-x86_64-gnu/lib/python3.12/asyncio/base_events.py", line 545, in _check_closed
      raise RuntimeError('Event loop is closed')
  RuntimeError: Event loop is closed
  
  Enable tracemalloc to get traceback where the object was allocated.
  See https://docs.pytest.org/en/stable/how-to/capture-warnings.html#resource-warnings for more info.
    warnings.warn(pytest.PytestUnraisableExceptionWarning(msg))

tests/test_uploads_api.py::test_complete_with_a_declared_size_mismatch_deletes_the_object
tests/test_uploads_api.py::test_complete_with_an_oversized_object_is_rejected
  /home/deepjyoti/Documents/Assigment/Higgsfield/apps/api/.venv/lib/python3.12/site-packages/fastapi/routing.py:352: StarletteDeprecationWarning: 'HTTP_422_UNPROCESSABLE_ENTITY' is deprecated. Use 'HTTP_422_UNPROCESSABLE_CONTENT' instead.
    return await dependant.call(**values)

-- Docs: https://docs.pytest.org/en/stable/how-to/capture-warnings.html
261 passed, 3 warnings in 70.57s (0:01:10)
wrote packages/contracts/openapi.json
contract ok

> web@0.0.0 gen:api
> openapi-typescript ../../packages/contracts/openapi.json -o src/api/generated/schema.d.ts

✨ openapi-typescript 7.13.0
🚀 ../../packages/contracts/openapi.json → src/api/generated/schema.d.ts [86.6ms]

> web@0.0.0 typecheck
> tsc -b

 Container higgsfield-db-1 Running 
 Container higgsfield-db-1 Waiting 
 Container higgsfield-db-1 Healthy

## check-standards (exit 0)
check-standards: ok (0 violations)

RESULT: PASS
