# verify T-011-5
when: 2026-09-26T01:57:48Z
root: /home/deepjyoti/Documents/Assigment/Higgsfield/.worktrees/T-011-5
head: 0efcaa349ba2707fdb82e32b58cc13f83003260b
fingerprint: 6ede2cf8186d0c2d9431a6d33926cd8dbbe51c04

## command
npm --prefix apps/web run lint && npm --prefix apps/web run test && npm --prefix apps/web run typecheck && npm --prefix apps/web run build

## output (exit 0)

> web@0.0.0 lint
> eslint .


> web@0.0.0 test
> vitest run


 RUN  v5.0.0 /home/deepjyoti/Documents/Assigment/Higgsfield/.worktrees/T-011-5/apps/web


 Test Files  21 passed (21)
      Tests  100 passed (100)
   Start at  07:27:44
   Duration  545ms (transform 57%, import 28%, tests 9%, worker 5%)


> web@0.0.0 typecheck
> tsc -b


> web@0.0.0 build
> tsc -b && vite build

vite v8.3.0 building client environment for production...
transforming...
✓ 141 modules transformed.
rendering chunks...
computing gzip size...
dist/index.html                   1.14 kB │ gzip:   0.56 kB
dist/assets/index-CeH81-sZ.css   32.28 kB │ gzip:   6.96 kB
dist/assets/index-FodxB6Of.js   365.04 kB │ gzip: 110.80 kB

✓ built in 264ms

## check-standards (exit 0)
check-standards: ok (0 violations)

RESULT: PASS
