# verify T-011-9
when: 2026-09-26T05:12:44Z
root: /home/deepjyoti/Documents/Assigment/Higgsfield/.worktrees/T-011-9
head: 23c79a3559d2d487c18241b2aa617409ac57715c
fingerprint: cb6bdbb83ab5e3bab4a141e6a1402dfba2863e8f

## command
npm --prefix apps/web run lint && npm --prefix apps/web run test && npm --prefix apps/web run typecheck && npm --prefix apps/web run build

## output (exit 0)

> web@0.0.0 lint
> eslint .


> web@0.0.0 test
> vitest run


 RUN  v5.0.0 /home/deepjyoti/Documents/Assigment/Higgsfield/.worktrees/T-011-9/apps/web


 Test Files  22 passed (22)
      Tests  108 passed (108)
   Start at  10:42:39
   Duration  570ms (transform 50%, import 34%, tests 9%, worker 6%)


> web@0.0.0 typecheck
> tsc -b


> web@0.0.0 build
> tsc -b && vite build

vite v8.3.0 building client environment for production...
transforming...
✓ 143 modules transformed.
rendering chunks...
computing gzip size...
dist/index.html                   1.14 kB │ gzip:   0.56 kB
dist/assets/index-BwKqAi1n.css   32.53 kB │ gzip:   7.00 kB
dist/assets/index-BhzuUMQb.js   369.15 kB │ gzip: 111.84 kB

✓ built in 160ms

## check-standards (exit 0)
check-standards: ok (0 violations)

RESULT: PASS
