# verify T-011-7
when: 2026-09-26T02:52:01Z
root: /home/deepjyoti/Documents/Assigment/Higgsfield/.worktrees/T-011-7
head: 5b89ed591fcc6a2208548c6c719301484966c1c9
fingerprint: 44b2a09133fa8c0c3f2efc88ea05ee898cb06843

## command
npm --prefix apps/web run lint && npm --prefix apps/web run test && npm --prefix apps/web run typecheck && npm --prefix apps/web run build

## output (exit 0)

> web@0.0.0 lint
> eslint .


> web@0.0.0 test
> vitest run


 RUN  v5.0.0 /home/deepjyoti/Documents/Assigment/Higgsfield/.worktrees/T-011-7/apps/web


 Test Files  21 passed (21)
      Tests  106 passed (106)
   Start at  08:21:57
   Duration  520ms (transform 57%, import 27%, tests 9%, worker 6%)


> web@0.0.0 typecheck
> tsc -b


> web@0.0.0 build
> tsc -b && vite build

vite v8.3.0 building client environment for production...
transforming...
✓ 142 modules transformed.
rendering chunks...
computing gzip size...
dist/index.html                   1.14 kB │ gzip:   0.56 kB
dist/assets/index-DaXT1gGB.css   32.39 kB │ gzip:   6.98 kB
dist/assets/index-CtjG1p8M.js   367.23 kB │ gzip: 111.41 kB

✓ built in 155ms

## check-standards (exit 0)
check-standards: ok (0 violations)

RESULT: PASS
