# verify T-011-10
when: 2026-09-26T05:13:21Z
root: /home/deepjyoti/Documents/Assigment/Higgsfield/.worktrees/T-011-10
head: 85381475110d444a2ccbace6e77c5c812e9078f1
fingerprint: 0e23d094dc68f2e7e4be6f6465df3500d51dff3d

## command
npm --prefix apps/web run lint && npm --prefix apps/web run test && npm --prefix apps/web run typecheck && npm --prefix apps/web run build

## output (exit 0)

> web@0.0.0 lint
> eslint .


> web@0.0.0 test
> vitest run


 RUN  v5.0.0 /home/deepjyoti/Documents/Assigment/Higgsfield/.worktrees/T-011-10/apps/web


 Test Files  21 passed (21)
      Tests  107 passed (107)
   Start at  10:43:12
   Duration  753ms (transform 57%, import 29%, tests 9%, worker 5%)


> web@0.0.0 typecheck
> tsc -b


> web@0.0.0 build
> tsc -b && vite build

vite v8.3.0 building client environment for production...
transforming...
✓ 142 modules transformed.
rendering chunks...
computing gzip size...
dist/index.html                   1.14 kB │ gzip:   0.56 kB
dist/assets/index-DaXT1gGB.css   32.39 kB │ gzip:   6.98 kB
dist/assets/index-hkF1qtPw.js   367.68 kB │ gzip: 111.55 kB

✓ built in 272ms

## check-standards (exit 0)
check-standards: ok (0 violations)

RESULT: PASS
